../Drivers/CMSIS/Include/core_cm4.h:1809:22:__NVIC_SetPriority	16	static
../Drivers/CMSIS/Include/core_cm4.h:2017:26:SysTick_Config	16	static
../Core/Src/main.c:114:5:main	16	static
../Core/Src/main.c:215:6:SystemClock_Config	96	static
../Core/Src/main.c:276:13:MX_ADC1_Init	32	static
../Core/Src/main.c:334:13:MX_I2C1_Init	8	static
../Core/Src/main.c:382:13:MX_TIM1_Init	96	static
../Core/Src/main.c:452:13:MX_TIM2_Init	64	static
../Core/Src/main.c:511:13:MX_TIM15_Init	40	static
../Core/Src/main.c:557:13:MX_USART2_UART_Init	8	static
../Core/Src/main.c:590:13:MX_DMA_Init	16	static
../Core/Src/main.c:608:13:MX_GPIO_Init	40	static
../Core/Src/main.c:640:6:HAL_I2C_SlaveRxCpltCallback	16	static
../Core/Src/main.c:672:6:Set_LED	24	static
../Core/Src/main.c:680:6:Set_Brightness	40	static
../Core/Src/main.c:700:6:WS2812_Send	32	static
../Core/Src/main.c:741:6:HAL_TIM_PWM_PulseFinishedCallback	16	static
../Core/Src/main.c:747:6:HAL_TIM_PeriodElapsedCallback	16	static
../Core/Src/main.c:762:6:Error_Handler	4	static,ignoring_inline_asm
