../Drivers/CMSIS/Include/core_cm4.h:1809:22:__NVIC_SetPriority	16	static
../Drivers/CMSIS/Include/core_cm4.h:2017:26:SysTick_Config	16	static
../Core/Src/main.c:112:5:main	24	static
../Core/Src/main.c:213:6:SystemClock_Config	96	static
../Core/Src/main.c:274:13:MX_ADC1_Init	32	static
../Core/Src/main.c:332:13:MX_I2C1_Init	8	static
../Core/Src/main.c:380:13:MX_TIM1_Init	96	static
../Core/Src/main.c:450:13:MX_TIM2_Init	64	static
../Core/Src/main.c:509:13:MX_TIM15_Init	40	static
../Core/Src/main.c:555:13:MX_USART2_UART_Init	8	static
../Core/Src/main.c:588:13:MX_DMA_Init	16	static
../Core/Src/main.c:606:13:MX_GPIO_Init	40	static
../Core/Src/main.c:638:6:HAL_I2C_SlaveRxCpltCallback	16	static
../Core/Src/main.c:670:6:Set_LED	24	static
../Core/Src/main.c:678:6:Set_Brightness	40	static
../Core/Src/main.c:698:6:WS2812_Send	32	static
../Core/Src/main.c:739:6:HAL_TIM_PWM_PulseFinishedCallback	16	static
../Core/Src/main.c:745:6:HAL_TIM_PeriodElapsedCallback	16	static
../Core/Src/main.c:760:6:Error_Handler	4	static,ignoring_inline_asm
