../Core/Src/main.c:80:5:main	8	static
../Core/Src/main.c:137:6:SystemClock_Config	96	static
../Core/Src/main.c:198:13:MX_TIM1_Init	96	static
../Core/Src/main.c:268:13:MX_USART2_UART_Init	8	static
../Core/Src/main.c:301:13:MX_DMA_Init	16	static
../Core/Src/main.c:319:13:MX_GPIO_Init	40	static
../Core/Src/main.c:345:6:Set_LED	24	static
../Core/Src/main.c:353:6:Set_Brightness	40	static
../Core/Src/main.c:373:6:WS2812_Send	32	static
../Core/Src/main.c:414:6:HAL_TIM_PWM_PulseFinishedCallback	16	static
../Core/Src/main.c:425:6:Error_Handler	4	static,ignoring_inline_asm
