../Core/Src/ARGB.c:124:6:ARGB_Init	16	static
../Core/Src/ARGB.c:171:6:ARGB_Clear	8	static
../Core/Src/ARGB.c:182:6:ARGB_SetBrightness	16	static
../Core/Src/ARGB.c:193:6:ARGB_SetRGB	32	static
../Core/Src/ARGB.c:236:6:ARGB_SetHSV	40	static
../Core/Src/ARGB.c:247:6:ARGB_SetWhite	16	static
../Core/Src/ARGB.c:261:6:ARGB_FillRGB	24	static
../Core/Src/ARGB.c:272:6:ARGB_FillHSV	40	static
../Core/Src/ARGB.c:282:6:ARGB_FillWhite	24	static
../Core/Src/ARGB.c:292:12:ARGB_Ready	4	static
../Core/Src/ARGB.c:301:12:ARGB_Show	16	static
../Core/Src/ARGB.c:382:20:scale8	16	static
../Core/Src/ARGB.c:395:13:HSV2RGB	40	static
../Core/Src/ARGB.c:436:13:ARGB_TIM_DMADelayPulseCplt	24	static
../Core/Src/ARGB.c:520:13:ARGB_TIM_DMADelayPulseHalfCplt	24	static
